
> tasks@0.1.0 test
> react-scripts test

Browserslist: caniuse-lite is outdated. Please run:
  npx browserslist@latest --update-db
  Why you should do it regularly: https://github.com/browserslist/browserslist#browsers-data-updating
PASS src/App.test.tsx
  ✓ renders the course name somewhere (73 ms)

-------------------|---------|----------|---------|---------|-------------------
File               | % Stmts | % Branch | % Funcs | % Lines | Uncovered Line #s 
-------------------|---------|----------|---------|---------|-------------------
All files          |   17.73 |       15 |   13.69 |   18.38 |                   
 src               |   66.66 |       50 |      50 |   66.66 |                   
  App.tsx          |   66.66 |       50 |      50 |   66.66 | 15                
 src/interfaces    |       0 |        0 |       0 |       0 |                   
  question.ts      |       0 |        0 |       0 |       0 |                   
  quiz.ts          |       0 |        0 |       0 |       0 |                   
 src/quizzer       |   16.66 |     12.5 |   12.67 |   17.29 |                   
  AddQuizModal.tsx |   36.36 |      100 |      20 |   36.36 | 19-20,35-54       
  QuestionEdit.tsx |       0 |        0 |       0 |       0 | 19-248            
  QuizCard.tsx     |      75 |       80 |   66.66 |      75 | 25                
  QuizEdit.tsx     |       0 |        0 |       0 |       0 | 24-164            
  QuizExpanded.tsx |       0 |        0 |       0 |       0 | 21-98             
  QuizList.tsx     |      75 |       75 |      60 |      75 | 22,26             
  QuizQuestion.tsx |       0 |        0 |       0 |       0 | 23-62             
  QuizView.tsx     |       0 |        0 |       0 |       0 | 19-25             
  Quizzer.tsx      |   52.63 |        0 |      30 |   66.66 | 27-28,33-43       
-------------------|---------|----------|---------|---------|-------------------
Test Suites: 1 passed, 1 total
Tests:       1 passed, 1 total
Snapshots:   0 total
Time:        2.549 s
Ran all test suites.
